
> new_website@0.1.0 build
> next build

Γû▓ Next.js 16.1.6 (Turbopack)
- Environments: .env.local

node.exe : ΓÜá The "middleware" file convention is deprecated. Please use "proxy" 
instead. Learn more: https://nextjs.org/docs/messages/middleware-to-proxy
At line:1 char:1
+ & "C:\Program Files\nodejs/node.exe" "C:\Program Files\nodejs/node_mo ...
+ ~~~~~~~~~~~~~~~~~~~~~~~~~~~~~~~~~~~~~~~~~~~~~~~~~~~~~~~~~~~~~~~~~~~~~
    + CategoryInfo          : NotSpecified: (ΓÜá The "middle...leware-to-proxy:Stri 
   ng) [], RemoteException
    + FullyQualifiedErrorId : NativeCommandError
 
  Creating an optimized production build ...
Γ£ô Compiled successfully in 14.6s
  Running TypeScript ...
Failed to compile.

./src/app/dashboard/voting/page.tsx:76:57
Type error: Property 'upsellUpgradeToVoting' does not exist on type '{ 
exploreHeritage: string; membersOnly: string; feat1Title: string; feat1Desc: 
string; feat2Title: string; feat2Desc: string; feat3Title: string; feat3Desc: 
string; navHome: string; navAbout: string; ... 430 more ...; errorPrefix: string; 
}'.

[0m [90m 74 |[39m                         
[33m<[39m[33m/[39m[33mdiv[39m[33m>[39m
 [90m 75 |[39m                         [33m<[39m[33mdiv[39m[33m>[39m
[31m[1m>[22m[39m[90m 76 |[39m                             
[33m<[39m[33mp[39m className[33m=[39m[32m"font-bold"[39m[33m>[39m{t[33m.
[39mupsellUpgradeToVoting [33m||[39m [32m'Nadogradite na status 
Glasa─ìa'[39m}[33m<[39m[33m/[39m[33mp[39m[33m>[39m
 [90m    |[39m                                                         
[31m[1m^[22m[39m
 [90m 77 |[39m                             [33m<[39m[33mp[39m 
className[33m=[39m[32m"text-xs 
opacity-90"[39m[33m>[39m{t[33m.[39mupsellRightToVote [33m||[39m [32m'Pravo 
glasa imaju ─ìlanovi s Voting 
statusom.'[39m}[33m<[39m[33m/[39m[33mp[39m[33m>[39m
 [90m 78 |[39m                         
[33m<[39m[33m/[39m[33mdiv[39m[33m>[39m
 [90m 79 |[39m                     
[33m<[39m[33m/[39m[33mdiv[39m[33m>[39m[0m
Next.js build worker exited with code: 1 and signal: null
